// Jest Snapshot v1, https://goo.gl/fbAQLP

exports[`AuthReducer Render AuthReducer default props 1`] = `
<div
  className="bottom-action-bar"
>
  <buttom
    type="button"
  >
    Test
  </buttom>
</div>
`;
