// Jest Snapshot v1, https://goo.gl/fbAQLP

exports[`Presentation LoadingPage component 1`] = `
<div
  style={
    Object {
      "padding": "20px",
    }
  }
>
  <div
    style={
      Object {
        "padding": "60px 0",
        "textAlign": "center",
      }
    }
  >
    <svg
      aria-valuemax={100}
      aria-valuemin={0}
      className="md-progress md-progress--circular md-block-centered md-progress--circular-indeterminate"
      height={24}
      id="circular-progress"
      role="progressbar"
      style={Object {}}
      viewBox="0 0 66 66"
      width={24}
    >
      <circle
        className="md-circular-progress-path md-circular-progress-path--animated"
        cx="33"
        cy="33"
        r="30"
        strokeLinecap="round"
        strokeWidth="6"
        style={undefined}
      />
    </svg>
  </div>
</div>
`;
