// Jest Snapshot v1, https://goo.gl/fbAQLP

exports[`Presentation PageTitle component 1`] = `
<h2
  className="md-display-1"
>
  Test Title
</h2>
`;
