// Jest Snapshot v1, https://goo.gl/fbAQLP

exports[`Presentation PageWrapper component 1`] = `
<div
  style={
    Object {
      "padding": "20px",
    }
  }
>
  <p>
    Testing content
  </p>
</div>
`;
